// Jest Snapshot v1, https://goo.gl/fbAQLP

exports[`components/Home it should render correctly/ 1`] = `
ReactWrapper {
  Symbol(enzyme.__unrendered__): <Home />,
  Symbol(enzyme.__renderer__): Object {
    "batchedUpdates": [Function],
    "getNode": [Function],
    "render": [Function],
    "simulateError": [Function],
    "simulateEvent": [Function],
    "unmount": [Function],
  },
  Symbol(enzyme.__root__): [Circular],
  Symbol(enzyme.__node__): Object {
    "instance": null,
    "key": undefined,
    "nodeType": "function",
    "props": Object {},
    "ref": null,
    "rendered": Object {
      "instance": <h1>
        You are on your home page
      </h1>,
      "key": undefined,
      "nodeType": "host",
      "props": Object {
        "children": "You are on your home page",
      },
      "ref": null,
      "rendered": Array [
        "You are on your home page",
      ],
      "type": "h1",
    },
    "type": [Function],
  },
  Symbol(enzyme.__nodes__): Array [
    Object {
      "instance": null,
      "key": undefined,
      "nodeType": "function",
      "props": Object {},
      "ref": null,
      "rendered": Object {
        "instance": <h1>
          You are on your home page
        </h1>,
        "key": undefined,
        "nodeType": "host",
        "props": Object {
          "children": "You are on your home page",
        },
        "ref": null,
        "rendered": Array [
          "You are on your home page",
        ],
        "type": "h1",
      },
      "type": [Function],
    },
  ],
  Symbol(enzyme.__options__): Object {
    "adapter": ReactSixteenAdapter {
      "options": Object {
        "enableComponentDidUpdateOnSetState": true,
        "lifecycles": Object {
          "componentDidUpdate": Object {
            "onSetState": true,
          },
          "getDerivedStateFromProps": true,
          "getSnapshotBeforeUpdate": true,
          "setState": Object {
            "skipsComponentDidUpdateOnNullish": true,
          },
        },
      },
    },
    "attachTo": undefined,
    "hydrateIn": undefined,
  },
}
`;
